26-09-06.15:12:46.112 [main            ] INFO  GroupBuyActivityDaoTest - Starting GroupBuyActivityDaoTest using Java 17.0.19 on WIN-L37P9TVA48B with PID 31292 (started by Administrator in D:\CODE\ProjectStudy\my-group-market\my-group-market-app)
26-09-06.15:12:46.112 [main            ] INFO  GroupBuyActivityDaoTest - The following 1 profile is active: "dev"
26-09-06.15:12:48.388 [main            ] INFO  GroupBuyActivityDaoTest - Started GroupBuyActivityDaoTest in 2.679 seconds (JVM running for 3.605)
26-09-06.15:12:48.910 [main            ] INFO  HikariDataSource       - HikariPool-1 - Starting...
26-09-06.15:12:49.346 [main            ] INFO  HikariDataSource       - HikariPool-1 - Start completed.
26-09-06.15:12:49.549 [main            ] INFO  GroupBuyActivityDaoTest - 测试结果:[{"activityId":100123,"channel":"c01","createTime":1733537980000,"discountId":"25120207","endTime":1733537980000,"goodsId":"9890001","groupType":0,"id":1,"source":"s01","startTime":1733537980000,"status":0,"tagId":"1","tagScope":"1","takeLimitCount":1,"target":1,"updateTime":1733537980000,"validTime":15}]
26-09-06.15:12:49.568 [SpringApplicationShutdownHook] INFO  HikariDataSource       - HikariPool-1 - Shutdown initiated...
26-09-06.15:12:49.584 [SpringApplicationShutdownHook] INFO  HikariDataSource       - HikariPool-1 - Shutdown completed.
26-09-06.15:12:58.807 [main            ] INFO  GroupBuyDiscountDaoTest - Starting GroupBuyDiscountDaoTest using Java 17.0.19 on WIN-L37P9TVA48B with PID 6696 (started by Administrator in D:\CODE\ProjectStudy\my-group-market\my-group-market-app)
26-09-06.15:12:58.809 [main            ] INFO  GroupBuyDiscountDaoTest - The following 1 profile is active: "dev"
26-09-06.15:13:00.773 [main            ] INFO  GroupBuyDiscountDaoTest - Started GroupBuyDiscountDaoTest in 2.374 seconds (JVM running for 3.238)
26-09-06.15:13:01.305 [main            ] INFO  HikariDataSource       - HikariPool-1 - Starting...
26-09-06.15:13:01.601 [main            ] INFO  HikariDataSource       - HikariPool-1 - Start completed.
26-09-06.15:13:01.778 [main            ] INFO  GroupBuyDiscountDaoTest - 测试结果:[{"createTime":1733538015000,"discountDesc":"测试优惠","discountId":9890001,"discountName":"测试优惠","discountType":0,"id":1,"marketExpr":"20","marketPlan":"ZJ","updateTime":1733538015000}]
26-09-06.15:13:01.793 [SpringApplicationShutdownHook] INFO  HikariDataSource       - HikariPool-1 - Shutdown initiated...
26-09-06.15:13:01.798 [SpringApplicationShutdownHook] INFO  HikariDataSource       - HikariPool-1 - Shutdown completed.
26-09-06.15:13:08.801 [main            ] INFO  GroupBuyDiscountDaoTest - Starting GroupBuyDiscountDaoTest using Java 17.0.19 on WIN-L37P9TVA48B with PID 16760 (started by Administrator in D:\CODE\ProjectStudy\my-group-market\my-group-market-app)
26-09-06.15:13:08.802 [main            ] INFO  GroupBuyDiscountDaoTest - The following 1 profile is active: "dev"
26-09-06.15:13:10.746 [main            ] INFO  GroupBuyDiscountDaoTest - Started GroupBuyDiscountDaoTest in 2.355 seconds (JVM running for 3.141)
26-09-06.15:13:11.218 [main            ] INFO  HikariDataSource       - HikariPool-1 - Starting...
26-09-06.15:13:11.507 [main            ] INFO  HikariDataSource       - HikariPool-1 - Start completed.
26-09-06.15:13:11.665 [main            ] INFO  GroupBuyDiscountDaoTest - 测试结果:[{"createTime":1733538015000,"discountDesc":"测试优惠","discountId":9890001,"discountName":"测试优惠","discountType":0,"id":1,"marketExpr":"20","marketPlan":"ZJ","updateTime":1733538015000}]
26-09-06.15:13:11.676 [SpringApplicationShutdownHook] INFO  HikariDataSource       - HikariPool-1 - Shutdown initiated...
26-09-06.15:13:11.686 [SpringApplicationShutdownHook] INFO  HikariDataSource       - HikariPool-1 - Shutdown completed.
